2026-02-10 19:54:46 - === INICIO PROCESAMIENTO RESPUESTA REDSYS ===
2026-02-10 19:54:46 - Parámetros recibidos: {"Ds_SignatureVersion":"HMAC_SHA512_V2","Ds_MerchantParameters":"eyJEc19EYXRlIjoiMTAlMkYwMiUyRjIwMjYiLCJEc19Ib3VyIjoiMTklM0E1NCIsIkRzX1NlY3VyZVBheW1lbnQiOiIxIiwiRHNfQW1vdW50IjoiMTQ0OSIsIkRzX0N1cnJlbmN5IjoiOTc4IiwiRHNfT3JkZXIiOiIyNjAyMTAxOTUyNTIxNTciLCJEc19BdXRvZ2VuZXJhdGVkX09yZGVyIjoiMjkwNzQ2N2QwZGEyIiwiRHNfTWVyY2hhbnRDb2RlIjoiOTk5MDA4ODgxIiwiRHNfVGVybWluYWwiOiIwMDEiLCJEc19SZXNwb25zZSI6IjAwMDAiLCJEc19UcmFuc2FjdGlvblR5cGUiOiIwIiwiRHNfTWVyY2hhbnREYXRhIjoiIiwiRHNfQXV0aG9yaXNhdGlvbkNvZGUiOiI0NTA0MzUiLCJEc19DYXJkX051bWJlciI6IjQyNDI0MioqKioqKjQyNDIiLCJEc19Db25zdW1lckxhbmd1YWdlIjoiMSIsIkRzX0NhcmRfQ291bnRyeSI6IjgyNiIsIkRzX0NhcmRfVHlwb2xvZ3kiOiJDT05TVU1PIiwiRHNfQ2FyZF9UeXBlIjoiQyIsIkRzX0NhcmRfQnJhbmQiOiIxIiwiRHNfUHJvY2Vzc2VkUGF5TWV0aG9kIjoiNzgiLCJEc19FQ0kiOiIwNSIsIkRzX1Jlc3BvbnNlX0Rlc2NyaXB0aW9uIjoiT1BFUkFDSU9OK0FVVE9SSVpBREEiLCJEc19Db250cm9sXzE3NzA3NDk2ODM3NzAiOiIxNzcwNzQ5NjgzNzcwIn0","Ds_Signature":"L9cQKW65cp33mUybxbm_N73V7g5jRTA1lySda9c1oqY-sGiwhn9XxHeNpkM3a0u7URvSS7LMYVkI1TfX03j_hg"}
2026-02-10 19:54:46 - Version: HMAC_SHA512_V2
2026-02-10 19:54:46 - Signature recibida: L9cQKW65cp33mUybxbm_N73V7g5jRTA1lySda9c1oqY-sGiwhn9XxHeNpkM3a0u7URvSS7LMYVkI1TfX03j_hg
2026-02-10 19:54:46 - Datos decodificados: {"Ds_Date":"10%2F02%2F2026","Ds_Hour":"19%3A54","Ds_SecurePayment":"1","Ds_Amount":"1449","Ds_Currency":"978","Ds_Order":"260210195252157","Ds_Autogenerated_Order":"2907467d0da2","Ds_MerchantCode":"999008881","Ds_Terminal":"001","Ds_Response":"0000","Ds_TransactionType":"0","Ds_MerchantData":"","Ds_AuthorisationCode":"450435","Ds_Card_Number":"424242******4242","Ds_ConsumerLanguage":"1","Ds_Card_Country":"826","Ds_Card_Typology":"CONSUMO","Ds_Card_Type":"C","Ds_Card_Brand":"1","Ds_ProcessedPayMethod":"78","Ds_ECI":"05","Ds_Response_Description":"OPERACION+AUTORIZADA","Ds_Control_1770749683770":"1770749683770"}
2026-02-10 19:54:46 - Firma calculada: L9cQKW65cp33mUybxbm_N73V7g5jRTA1lySda9c1oqY-sGiwhn9XxHeNpkM3a0u7URvSS7LMYVkI1TfX03j_hg
2026-02-10 19:54:46 - ✅ FIRMA VÁLIDA
2026-02-10 19:54:46 - Código respuesta: 0000
2026-02-10 19:54:46 - Código autorización: 450435
2026-02-10 19:54:46 - Pago exitoso: SÍ
2026-02-10 19:54:46 - Datos del pedido cargados
2026-02-10 20:01:20 - === INICIO PROCESAMIENTO RESPUESTA REDSYS ===
2026-02-10 20:01:20 - Parámetros recibidos: {"Ds_SignatureVersion":"HMAC_SHA512_V2","Ds_MerchantParameters":"eyJEc19EYXRlIjoiMTAlMkYwMiUyRjIwMjYiLCJEc19Ib3VyIjoiMjAlM0EwMSIsIkRzX1NlY3VyZVBheW1lbnQiOiIwIiwiRHNfQW1vdW50IjoiMTU5OSIsIkRzX0N1cnJlbmN5IjoiOTc4IiwiRHNfT3JkZXIiOiIyNjAyMTAxOTU3Mzk2NzAiLCJEc19BdXRvZ2VuZXJhdGVkX09yZGVyIjoiNzc1MGE5ZmQ4ODM1IiwiRHNfTWVyY2hhbnRDb2RlIjoiOTk5MDA4ODgxIiwiRHNfVGVybWluYWwiOiIwMDEiLCJEc19SZXNwb25zZSI6IjAxODAiLCJEc19UcmFuc2FjdGlvblR5cGUiOiIwIiwiRHNfTWVyY2hhbnREYXRhIjoiIiwiRHNfQXV0aG9yaXNhdGlvbkNvZGUiOiIrKysrKysiLCJEc19DYXJkX051bWJlciI6IjQwMDAwNSoqKioqKjU1NTYiLCJEc19Db25zdW1lckxhbmd1YWdlIjoiMSIsIkRzX0NhcmRfQ291bnRyeSI6IjAiLCJEc19DYXJkX1R5cG9sb2d5IjoiQ09OU1VNTyIsIkRzX0NvbnRyb2xfMTc3MDc1MDA3NTI1OSI6IjE3NzA3NTAwNzUyNTkifQ","Ds_Signature":"awxascaZDu1UbhkuPGD8XbHmzHYlyZYkgLdS2ShLh3K8-CuFughgXP8m1Tn0OPsz4b7M-JDM_wxzwpm5hceQcg"}
2026-02-10 20:01:20 - Version: HMAC_SHA512_V2
2026-02-10 20:01:20 - Signature recibida: awxascaZDu1UbhkuPGD8XbHmzHYlyZYkgLdS2ShLh3K8-CuFughgXP8m1Tn0OPsz4b7M-JDM_wxzwpm5hceQcg
2026-02-10 20:01:20 - Datos decodificados: {"Ds_Date":"10%2F02%2F2026","Ds_Hour":"20%3A01","Ds_SecurePayment":"0","Ds_Amount":"1599","Ds_Currency":"978","Ds_Order":"260210195739670","Ds_Autogenerated_Order":"7750a9fd8835","Ds_MerchantCode":"999008881","Ds_Terminal":"001","Ds_Response":"0180","Ds_TransactionType":"0","Ds_MerchantData":"","Ds_AuthorisationCode":"++++++","Ds_Card_Number":"400005******5556","Ds_ConsumerLanguage":"1","Ds_Card_Country":"0","Ds_Card_Typology":"CONSUMO","Ds_Control_1770750075259":"1770750075259"}
2026-02-10 20:01:20 - Firma calculada: awxascaZDu1UbhkuPGD8XbHmzHYlyZYkgLdS2ShLh3K8-CuFughgXP8m1Tn0OPsz4b7M-JDM_wxzwpm5hceQcg
2026-02-10 20:01:20 - ✅ FIRMA VÁLIDA
2026-02-10 20:01:20 - Código respuesta: 0180
2026-02-10 20:01:20 - Código autorización: ++++++
2026-02-10 20:01:20 - Pago exitoso: NO
2026-02-10 20:01:20 - Datos del pedido cargados
2026-02-10 20:06:24 - === INICIO PROCESAMIENTO RESPUESTA REDSYS ===
2026-02-10 20:06:24 - Parámetros recibidos: {"Ds_SignatureVersion":"HMAC_SHA512_V2","Ds_MerchantParameters":"eyJEc19EYXRlIjoiMTAlMkYwMiUyRjIwMjYiLCJEc19Ib3VyIjoiMjAlM0EwNiIsIkRzX1NlY3VyZVBheW1lbnQiOiIxIiwiRHNfQW1vdW50IjoiMTU5OSIsIkRzX0N1cnJlbmN5IjoiOTc4IiwiRHNfT3JkZXIiOiIyNjAyMTAyMDA0MzE4NzYiLCJEc19BdXRvZ2VuZXJhdGVkX09yZGVyIjoiMjIzMmM3YThhZTczIiwiRHNfTWVyY2hhbnRDb2RlIjoiOTk5MDA4ODgxIiwiRHNfVGVybWluYWwiOiIwMDEiLCJEc19SZXNwb25zZSI6IjAwMDAiLCJEc19UcmFuc2FjdGlvblR5cGUiOiIwIiwiRHNfTWVyY2hhbnREYXRhIjoiIiwiRHNfQXV0aG9yaXNhdGlvbkNvZGUiOiI0NTA0NDIiLCJEc19DYXJkX051bWJlciI6IjQyNDI0MioqKioqKjQyNDIiLCJEc19Db25zdW1lckxhbmd1YWdlIjoiMSIsIkRzX0NhcmRfQ291bnRyeSI6IjgyNiIsIkRzX0NhcmRfVHlwb2xvZ3kiOiJDT05TVU1PIiwiRHNfQ2FyZF9UeXBlIjoiQyIsIkRzX0NhcmRfQnJhbmQiOiIxIiwiRHNfUHJvY2Vzc2VkUGF5TWV0aG9kIjoiNzgiLCJEc19FQ0kiOiIwNSIsIkRzX1Jlc3BvbnNlX0Rlc2NyaXB0aW9uIjoiT1BFUkFDSU9OK0FVVE9SSVpBREEiLCJEc19Db250cm9sXzE3NzA3NTAzNjEwNTAiOiIxNzcwNzUwMzYxMDUwIn0","Ds_Signature":"BPcYTy0AnWKYA8Lj2LCfCocEucu3pogJPZEf_0jVjjPL6axngr-uxnjuomhef0el4-UbMvxITyqrHQMf2RLsSQ"}
2026-02-10 20:06:24 - Version: HMAC_SHA512_V2
2026-02-10 20:06:24 - Signature recibida: BPcYTy0AnWKYA8Lj2LCfCocEucu3pogJPZEf_0jVjjPL6axngr-uxnjuomhef0el4-UbMvxITyqrHQMf2RLsSQ
2026-02-10 20:06:24 - Datos decodificados: {"Ds_Date":"10%2F02%2F2026","Ds_Hour":"20%3A06","Ds_SecurePayment":"1","Ds_Amount":"1599","Ds_Currency":"978","Ds_Order":"260210200431876","Ds_Autogenerated_Order":"2232c7a8ae73","Ds_MerchantCode":"999008881","Ds_Terminal":"001","Ds_Response":"0000","Ds_TransactionType":"0","Ds_MerchantData":"","Ds_AuthorisationCode":"450442","Ds_Card_Number":"424242******4242","Ds_ConsumerLanguage":"1","Ds_Card_Country":"826","Ds_Card_Typology":"CONSUMO","Ds_Card_Type":"C","Ds_Card_Brand":"1","Ds_ProcessedPayMethod":"78","Ds_ECI":"05","Ds_Response_Description":"OPERACION+AUTORIZADA","Ds_Control_1770750361050":"1770750361050"}
2026-02-10 20:06:24 - Firma calculada: BPcYTy0AnWKYA8Lj2LCfCocEucu3pogJPZEf_0jVjjPL6axngr-uxnjuomhef0el4-UbMvxITyqrHQMf2RLsSQ
2026-02-10 20:06:24 - ✅ FIRMA VÁLIDA
2026-02-10 20:06:24 - Código respuesta: 0000
2026-02-10 20:06:24 - Código autorización: 450442
2026-02-10 20:06:24 - Pago exitoso: SÍ
2026-02-10 20:06:24 - Datos del pedido cargados
2026-02-10 20:06:37 - === INICIO PROCESAMIENTO RESPUESTA REDSYS ===
2026-02-10 20:06:37 - Parámetros recibidos: {"Ds_SignatureVersion":"HMAC_SHA512_V2","Ds_MerchantParameters":"eyJEc19EYXRlIjoiMTAlMkYwMiUyRjIwMjYiLCJEc19Ib3VyIjoiMjAlM0EwNiIsIkRzX1NlY3VyZVBheW1lbnQiOiIxIiwiRHNfQW1vdW50IjoiMTU5OSIsIkRzX0N1cnJlbmN5IjoiOTc4IiwiRHNfT3JkZXIiOiIyNjAyMTAyMDA0MzE4NzYiLCJEc19BdXRvZ2VuZXJhdGVkX09yZGVyIjoiMjIzMmM3YThhZTczIiwiRHNfTWVyY2hhbnRDb2RlIjoiOTk5MDA4ODgxIiwiRHNfVGVybWluYWwiOiIwMDEiLCJEc19SZXNwb25zZSI6IjAwMDAiLCJEc19UcmFuc2FjdGlvblR5cGUiOiIwIiwiRHNfTWVyY2hhbnREYXRhIjoiIiwiRHNfQXV0aG9yaXNhdGlvbkNvZGUiOiI0NTA0NDIiLCJEc19DYXJkX051bWJlciI6IjQyNDI0MioqKioqKjQyNDIiLCJEc19Db25zdW1lckxhbmd1YWdlIjoiMSIsIkRzX0NhcmRfQ291bnRyeSI6IjgyNiIsIkRzX0NhcmRfVHlwb2xvZ3kiOiJDT05TVU1PIiwiRHNfQ2FyZF9UeXBlIjoiQyIsIkRzX0NhcmRfQnJhbmQiOiIxIiwiRHNfUHJvY2Vzc2VkUGF5TWV0aG9kIjoiNzgiLCJEc19FQ0kiOiIwNSIsIkRzX1Jlc3BvbnNlX0Rlc2NyaXB0aW9uIjoiT1BFUkFDSU9OK0FVVE9SSVpBREEiLCJEc19Db250cm9sXzE3NzA3NTAzNjEwNTAiOiIxNzcwNzUwMzYxMDUwIn0","Ds_Signature":"BPcYTy0AnWKYA8Lj2LCfCocEucu3pogJPZEf_0jVjjPL6axngr-uxnjuomhef0el4-UbMvxITyqrHQMf2RLsSQ"}
2026-02-10 20:06:37 - Version: HMAC_SHA512_V2
2026-02-10 20:06:37 - Signature recibida: BPcYTy0AnWKYA8Lj2LCfCocEucu3pogJPZEf_0jVjjPL6axngr-uxnjuomhef0el4-UbMvxITyqrHQMf2RLsSQ
2026-02-10 20:06:37 - Datos decodificados: {"Ds_Date":"10%2F02%2F2026","Ds_Hour":"20%3A06","Ds_SecurePayment":"1","Ds_Amount":"1599","Ds_Currency":"978","Ds_Order":"260210200431876","Ds_Autogenerated_Order":"2232c7a8ae73","Ds_MerchantCode":"999008881","Ds_Terminal":"001","Ds_Response":"0000","Ds_TransactionType":"0","Ds_MerchantData":"","Ds_AuthorisationCode":"450442","Ds_Card_Number":"424242******4242","Ds_ConsumerLanguage":"1","Ds_Card_Country":"826","Ds_Card_Typology":"CONSUMO","Ds_Card_Type":"C","Ds_Card_Brand":"1","Ds_ProcessedPayMethod":"78","Ds_ECI":"05","Ds_Response_Description":"OPERACION+AUTORIZADA","Ds_Control_1770750361050":"1770750361050"}
2026-02-10 20:06:37 - Firma calculada: BPcYTy0AnWKYA8Lj2LCfCocEucu3pogJPZEf_0jVjjPL6axngr-uxnjuomhef0el4-UbMvxITyqrHQMf2RLsSQ
2026-02-10 20:06:37 - ✅ FIRMA VÁLIDA
2026-02-10 20:06:37 - Código respuesta: 0000
2026-02-10 20:06:37 - Código autorización: 450442
2026-02-10 20:06:37 - Pago exitoso: SÍ
2026-02-10 20:06:37 - Datos del pedido cargados
